
> rest-express@1.0.0 build
> tsx script/build.ts

building client...
[36mvite v7.3.1 [32mbuilding client environment for production...[36m[39m
transforming...
[32mΓ£ô[39m 1100 modules transformed.
node.exe : [31mΓ£ù[39m Build 
failed in 2.67s
At line:1 char:1
+ & "C:\Program 
Files\nodejs/node.exe" 
"C:\Program Files\nodejs/node_mo 
...
+ ~~~~~~~~~~~~~~~~~~~~~~~~~~~~~~~
~~~~~~~~~~~~~~~~~~~~~~~~~~~~~~~~~
~~~~~
    + CategoryInfo          : No 
   tSpecified: ([31mΓ£ù[39m B  
  uild failed in 2.67s:String)   
  [], RemoteException
    + FullyQualifiedErrorId : Na 
   tiveCommandError
 
[31m[commonjs--resolver] 
Missing "./dist/esm/index.js" 
specifier in "react-map-gl" 
package[39m
    at e (C:\Users\ACER\OneDrive\
Desktop\JanTrack Mumbai\JanTrack 
Mumbai\node_modules\vite\dist\nod
e\chunks\config.js:6651:8)
    at n (C:\Users\ACER\OneDrive\
Desktop\JanTrack Mumbai\JanTrack 
Mumbai\node_modules\vite\dist\nod
e\chunks\config.js:6663:14)
    at o (C:\Users\ACER\OneDrive\
Desktop\JanTrack Mumbai\JanTrack 
Mumbai\node_modules\vite\dist\nod
e\chunks\config.js:6691:10)
    at resolveExportsOrImports (C
:\Users\ACER\OneDrive\Desktop\Jan
Track Mumbai\JanTrack Mumbai\node
_modules\vite\dist\node\chunks\co
nfig.js:32827:45)
    at resolveDeepImport (C:\User
s\ACER\OneDrive\Desktop\JanTrack 
Mumbai\JanTrack Mumbai\node_modul
es\vite\dist\node\chunks\config.j
s:32841:22)
    at tryNodeResolve (C:\Users\A
CER\OneDrive\Desktop\JanTrack 
Mumbai\JanTrack Mumbai\node_modul
es\vite\dist\node\chunks\config.j
s:32716:70)
    at Object.handler (C:\Users\A
CER\OneDrive\Desktop\JanTrack 
Mumbai\JanTrack Mumbai\node_modul
es\vite\dist\node\chunks\config.j
s:32555:16)
    at Object.handler (C:\Users\A
CER\OneDrive\Desktop\JanTrack 
Mumbai\JanTrack Mumbai\node_modul
es\vite\dist\node\chunks\config.j
s:33706:13)
    at <anonymous> (C:\Users\ACER
\OneDrive\Desktop\JanTrack 
Mumbai\JanTrack Mumbai\node_modul
es\rollup\dist\es\shared\node-ent
ry.js:22571:40)
    at async PluginDriver.hookFir
stAndGetPlugin (C:\Users\ACER\One
Drive\Desktop\JanTrack 
Mumbai\JanTrack Mumbai\node_modul
es\rollup\dist\es\shared\node-ent
ry.js:22453:28) {
  code: 'PLUGIN_ERROR',
  plugin: 'commonjs--resolver',
  hook: 'resolveId',
  watchFiles: [
    'C:/Users/ACER/OneDrive/Deskt
op/JanTrack Mumbai/JanTrack 
Mumbai/client/index.html',
    'C:/Users/ACER/OneDrive/Deskt
op/JanTrack Mumbai/JanTrack 
Mumbai/client/src/main.tsx',
    'C:\\Users\\ACER\\OneDrive\\D
esktop\\JanTrack 
Mumbai\\JanTrack 
Mumbai\\package.json',
    'C:/Users/ACER/OneDrive/Deskt
op/JanTrack Mumbai/JanTrack Mumba
i/node_modules/react/jsx-runtime.
js',
    'C:/Users/ACER/OneDrive/Deskt
op/JanTrack Mumbai/JanTrack 
Mumbai/client/src/index.css',
    'C:\\Users\\ACER\\OneDrive\\D
esktop\\JanTrack 
Mumbai\\JanTrack Mumbai\\node_mod
ules\\tailwindcss\\index.css',
    'C:\\Users\\ACER\\OneDrive\\D
esktop\\JanTrack 
Mumbai\\JanTrack Mumbai\\node_mod
ules\\tw-animate-css\\dist\\tw-an
imate.css',
    'C:/Users/ACER/OneDrive/Deskt
op/JanTrack Mumbai/JanTrack Mumba
i/node_modules/react-dom/client.j
s',
    'C:/Users/ACER/OneDrive/Deskt
op/JanTrack Mumbai/JanTrack 
Mumbai/client/src/App.tsx',
    'C:\\Users\\ACER\\OneDrive\\D
esktop\\JanTrack 
Mumbai\\JanTrack 
Mumbai\\client\\index.html',
    'C:\\Users\\ACER\\OneDrive\\D
esktop\\JanTrack 
Mumbai\\JanTrack 
Mumbai\\client\\src\\App.tsx',
    'C:\\Users\\ACER\\OneDrive\\D
esktop\\JanTrack 
Mumbai\\JanTrack Mumbai\\client\\
src\\components\\candidate-card.t
sx',
    'C:\\Users\\ACER\\OneDrive\\D
esktop\\JanTrack 
Mumbai\\JanTrack Mumbai\\client\\
src\\components\\fund-chart.tsx',
    'C:\\Users\\ACER\\OneDrive\\D
esktop\\JanTrack 
Mumbai\\JanTrack Mumbai\\client\\
src\\components\\layout.tsx',
    'C:\\Users\\ACER\\OneDrive\\D
esktop\\JanTrack 
Mumbai\\JanTrack Mumbai\\client\\
src\\components\\map-component.ts
x',
    'C:\\Users\\ACER\\OneDrive\\D
esktop\\JanTrack 
Mumbai\\JanTrack Mumbai\\client\\
src\\components\\ui\\accordion.ts
x',
    'C:\\Users\\ACER\\OneDrive\\D
esktop\\JanTrack 
Mumbai\\JanTrack Mumbai\\client\\
src\\components\\ui\\alert-dialog
.tsx',
    'C:\\Users\\ACER\\OneDrive\\D
esktop\\JanTrack 
Mumbai\\JanTrack Mumbai\\client\\
src\\components\\ui\\alert.tsx',
    'C:\\Users\\ACER\\OneDrive\\D
esktop\\JanTrack 
Mumbai\\JanTrack Mumbai\\client\\
src\\components\\ui\\aspect-ratio
.tsx',
    'C:\\Users\\ACER\\OneDrive\\D
esktop\\JanTrack 
Mumbai\\JanTrack Mumbai\\client\\
src\\components\\ui\\avatar.tsx',
    'C:\\Users\\ACER\\OneDrive\\D
esktop\\JanTrack 
Mumbai\\JanTrack Mumbai\\client\\
src\\components\\ui\\badge.tsx',
    'C:\\Users\\ACER\\OneDrive\\D
esktop\\JanTrack 
Mumbai\\JanTrack Mumbai\\client\\
src\\components\\ui\\breadcrumb.t
sx',
    'C:\\Users\\ACER\\OneDrive\\D
esktop\\JanTrack 
Mumbai\\JanTrack Mumbai\\client\\
src\\components\\ui\\button-group
.tsx',
    'C:\\Users\\ACER\\OneDrive\\D
esktop\\JanTrack 
Mumbai\\JanTrack Mumbai\\client\\
src\\components\\ui\\button.tsx',
    'C:\\Users\\ACER\\OneDrive\\D
esktop\\JanTrack 
Mumbai\\JanTrack Mumbai\\client\\
src\\components\\ui\\calendar.tsx
',
    'C:\\Users\\ACER\\OneDrive\\D
esktop\\JanTrack 
Mumbai\\JanTrack Mumbai\\client\\
src\\components\\ui\\card.tsx',
    'C:\\Users\\ACER\\OneDrive\\D
esktop\\JanTrack 
Mumbai\\JanTrack Mumbai\\client\\
src\\components\\ui\\carousel.tsx
',
    'C:\\Users\\ACER\\OneDrive\\D
esktop\\JanTrack 
Mumbai\\JanTrack Mumbai\\client\\
src\\components\\ui\\chart.tsx',
    'C:\\Users\\ACER\\OneDrive\\D
esktop\\JanTrack 
Mumbai\\JanTrack Mumbai\\client\\
src\\components\\ui\\checkbox.tsx
',
    'C:\\Users\\ACER\\OneDrive\\D
esktop\\JanTrack 
Mumbai\\JanTrack Mumbai\\client\\
src\\components\\ui\\collapsible.
tsx',
    'C:\\Users\\ACER\\OneDrive\\D
esktop\\JanTrack 
Mumbai\\JanTrack Mumbai\\client\\
src\\components\\ui\\command.tsx'
,
    'C:\\Users\\ACER\\OneDrive\\D
esktop\\JanTrack 
Mumbai\\JanTrack Mumbai\\client\\
src\\components\\ui\\context-menu
.tsx',
    'C:\\Users\\ACER\\OneDrive\\D
esktop\\JanTrack 
Mumbai\\JanTrack Mumbai\\client\\
src\\components\\ui\\dialog.tsx',
    'C:\\Users\\ACER\\OneDrive\\D
esktop\\JanTrack 
Mumbai\\JanTrack Mumbai\\client\\
src\\components\\ui\\drawer.tsx',
    'C:\\Users\\ACER\\OneDrive\\D
esktop\\JanTrack 
Mumbai\\JanTrack Mumbai\\client\\
src\\components\\ui\\dropdown-men
u.tsx',
    'C:\\Users\\ACER\\OneDrive\\D
esktop\\JanTrack 
Mumbai\\JanTrack Mumbai\\client\\
src\\components\\ui\\empty.tsx',
    'C:\\Users\\ACER\\OneDrive\\D
esktop\\JanTrack 
Mumbai\\JanTrack Mumbai\\client\\
src\\components\\ui\\field.tsx',
    'C:\\Users\\ACER\\OneDrive\\D
esktop\\JanTrack 
Mumbai\\JanTrack Mumbai\\client\\
src\\components\\ui\\form.tsx',
    'C:\\Users\\ACER\\OneDrive\\D
esktop\\JanTrack 
Mumbai\\JanTrack Mumbai\\client\\
src\\components\\ui\\hover-card.t
sx',
    'C:\\Users\\ACER\\OneDrive\\D
esktop\\JanTrack 
Mumbai\\JanTrack Mumbai\\client\\
src\\components\\ui\\input-group.
tsx',
    'C:\\Users\\ACER\\OneDrive\\D
esktop\\JanTrack 
Mumbai\\JanTrack Mumbai\\client\\
src\\components\\ui\\input-otp.ts
x',
    'C:\\Users\\ACER\\OneDrive\\D
esktop\\JanTrack 
Mumbai\\JanTrack Mumbai\\client\\
src\\components\\ui\\input.tsx',
    'C:\\Users\\ACER\\OneDrive\\D
esktop\\JanTrack 
Mumbai\\JanTrack Mumbai\\client\\
src\\components\\ui\\item.tsx',
    'C:\\Users\\ACER\\OneDrive\\D
esktop\\JanTrack 
Mumbai\\JanTrack Mumbai\\client\\
src\\components\\ui\\kbd.tsx',
    'C:\\Users\\ACER\\OneDrive\\D
esktop\\JanTrack 
Mumbai\\JanTrack Mumbai\\client\\
src\\components\\ui\\label.tsx',
    'C:\\Users\\ACER\\OneDrive\\D
esktop\\JanTrack 
Mumbai\\JanTrack Mumbai\\client\\
src\\components\\ui\\menubar.tsx'
,
    'C:\\Users\\ACER\\OneDrive\\D
esktop\\JanTrack 
Mumbai\\JanTrack Mumbai\\client\\
src\\components\\ui\\navigation-m
enu.tsx',
    'C:\\Users\\ACER\\OneDrive\\D
esktop\\JanTrack 
Mumbai\\JanTrack Mumbai\\client\\
src\\components\\ui\\pagination.t
sx',
    'C:\\Users\\ACER\\OneDrive\\D
esktop\\JanTrack 
Mumbai\\JanTrack Mumbai\\client\\
src\\components\\ui\\popover.tsx'
,
    'C:\\Users\\ACER\\OneDrive\\D
esktop\\JanTrack 
Mumbai\\JanTrack Mumbai\\client\\
src\\components\\ui\\progress.tsx
',
    'C:\\Users\\ACER\\OneDrive\\D
esktop\\JanTrack 
Mumbai\\JanTrack Mumbai\\client\\
src\\components\\ui\\radio-group.
tsx',
    'C:\\Users\\ACER\\OneDrive\\D
esktop\\JanTrack 
Mumbai\\JanTrack Mumbai\\client\\
src\\components\\ui\\resizable.ts
x',
    'C:\\Users\\ACER\\OneDrive\\D
esktop\\JanTrack 
Mumbai\\JanTrack Mumbai\\client\\
src\\components\\ui\\scroll-area.
tsx',
    'C:\\Users\\ACER\\OneDrive\\D
esktop\\JanTrack 
Mumbai\\JanTrack Mumbai\\client\\
src\\components\\ui\\select.tsx',
    'C:\\Users\\ACER\\OneDrive\\D
esktop\\JanTrack 
Mumbai\\JanTrack Mumbai\\client\\
src\\components\\ui\\separator.ts
x',
    'C:\\Users\\ACER\\OneDrive\\D
esktop\\JanTrack 
Mumbai\\JanTrack Mumbai\\client\\
src\\components\\ui\\sheet.tsx',
    'C:\\Users\\ACER\\OneDrive\\D
esktop\\JanTrack 
Mumbai\\JanTrack Mumbai\\client\\
src\\components\\ui\\sidebar.tsx'
,
    'C:\\Users\\ACER\\OneDrive\\D
esktop\\JanTrack 
Mumbai\\JanTrack Mumbai\\client\\
src\\components\\ui\\skeleton.tsx
',
    'C:\\Users\\ACER\\OneDrive\\D
esktop\\JanTrack 
Mumbai\\JanTrack Mumbai\\client\\
src\\components\\ui\\slider.tsx',
    'C:\\Users\\ACER\\OneDrive\\D
esktop\\JanTrack 
Mumbai\\JanTrack Mumbai\\client\\
src\\components\\ui\\sonner.tsx',
    'C:\\Users\\ACER\\OneDrive\\D
esktop\\JanTrack 
Mumbai\\JanTrack Mumbai\\client\\
src\\components\\ui\\spinner.tsx'
,
    'C:\\Users\\ACER\\OneDrive\\D
esktop\\JanTrack 
Mumbai\\JanTrack Mumbai\\client\\
src\\components\\ui\\switch.tsx',
    'C:\\Users\\ACER\\OneDrive\\D
esktop\\JanTrack 
Mumbai\\JanTrack Mumbai\\client\\
src\\components\\ui\\table.tsx',
    'C:\\Users\\ACER\\OneDrive\\D
esktop\\JanTrack 
Mumbai\\JanTrack Mumbai\\client\\
src\\components\\ui\\tabs.tsx',
    'C:\\Users\\ACER\\OneDrive\\D
esktop\\JanTrack 
Mumbai\\JanTrack Mumbai\\client\\
src\\components\\ui\\textarea.tsx
',
    'C:\\Users\\ACER\\OneDrive\\D
esktop\\JanTrack 
Mumbai\\JanTrack Mumbai\\client\\
src\\components\\ui\\toast.tsx',
    'C:\\Users\\ACER\\OneDrive\\D
esktop\\JanTrack 
Mumbai\\JanTrack Mumbai\\client\\
src\\components\\ui\\toaster.tsx'
,
    'C:\\Users\\ACER\\OneDrive\\D
esktop\\JanTrack 
Mumbai\\JanTrack Mumbai\\client\\
src\\components\\ui\\toggle-group
.tsx',
    'C:\\Users\\ACER\\OneDrive\\D
esktop\\JanTrack 
Mumbai\\JanTrack Mumbai\\client\\
src\\components\\ui\\toggle.tsx',
    'C:\\Users\\ACER\\OneDrive\\D
esktop\\JanTrack 
Mumbai\\JanTrack Mumbai\\client\\
src\\components\\ui\\tooltip.tsx'
,
    'C:\\Users\\ACER\\OneDrive\\D
esktop\\JanTrack 
Mumbai\\JanTrack Mumbai\\client\\
src\\hooks\\use-mobile.tsx',
    'C:\\Users\\ACER\\OneDrive\\D
esktop\\JanTrack 
Mumbai\\JanTrack Mumbai\\client\\
src\\hooks\\use-toast.ts',
    'C:\\Users\\ACER\\OneDrive\\D
esktop\\JanTrack 
Mumbai\\JanTrack Mumbai\\client\\
src\\lib\\mock-data.ts',
    'C:\\Users\\ACER\\OneDrive\\D
esktop\\JanTrack 
Mumbai\\JanTrack Mumbai\\client\\
src\\lib\\queryClient.ts',
    'C:\\Users\\ACER\\OneDrive\\D
esktop\\JanTrack 
Mumbai\\JanTrack Mumbai\\client\\
src\\lib\\utils.ts',
    'C:\\Users\\ACER\\OneDrive\\D
esktop\\JanTrack 
Mumbai\\JanTrack 
Mumbai\\client\\src\\main.tsx',
    'C:\\Users\\ACER\\OneDrive\\D
esktop\\JanTrack 
Mumbai\\JanTrack Mumbai\\client\\
src\\pages\\auth.tsx',
    'C:\\Users\\ACER\\OneDrive\\D
esktop\\JanTrack 
Mumbai\\JanTrack Mumbai\\client\\
src\\pages\\candidate-profile.tsx
',
    'C:\\Users\\ACER\\OneDrive\\D
esktop\\JanTrack 
Mumbai\\JanTrack Mumbai\\client\\
src\\pages\\candidates.tsx',
    'C:\\Users\\ACER\\OneDrive\\D
esktop\\JanTrack 
Mumbai\\JanTrack Mumbai\\client\\
src\\pages\\compare.tsx',
    'C:\\Users\\ACER\\OneDrive\\D
esktop\\JanTrack 
Mumbai\\JanTrack Mumbai\\client\\
src\\pages\\dashboard.tsx',
    'C:\\Users\\ACER\\OneDrive\\D
esktop\\JanTrack 
Mumbai\\JanTrack Mumbai\\client\\
src\\pages\\home.tsx',
    'C:\\Users\\ACER\\OneDrive\\D
esktop\\JanTrack 
Mumbai\\JanTrack Mumbai\\client\\
src\\pages\\not-found.tsx',
    'C:\\Users\\ACER\\OneDrive\\D
esktop\\JanTrack 
Mumbai\\JanTrack Mumbai\\client\\
src\\pages\\report-issue.tsx',
    'C:\\Users\\ACER\\OneDrive\\D
esktop\\JanTrack 
Mumbai\\JanTrack Mumbai\\client\\
src\\pages\\ward-map.tsx',
    '*',
    'src/**/*.{aspx,astro,cjs,css
,cts,eex,erb,gjs,gts,haml,handleb
ars,hbs,heex,html,jade,js,jsx,liq
uid,md,mdx,mjs,mts,mustache,njk,n
unjucks,php,pug,py,razor,rb,rhtml
,rs,slim,svelte,tpl,ts,tsx,twig,v
ue}',
    'C:/Users/ACER/OneDrive/Deskt
op/JanTrack Mumbai/JanTrack Mumba
i/node_modules/react/cjs/react-js
x-runtime.production.js',
    'C:/Users/ACER/OneDrive/Deskt
op/JanTrack Mumbai/JanTrack Mumba
i/node_modules/@tanstack/react-qu
ery/build/modern/index.js',
    'C:/Users/ACER/OneDrive/Deskt
op/JanTrack Mumbai/JanTrack Mumba
i/node_modules/wouter/src/index.j
s',
    'C:/Users/ACER/OneDrive/Deskt
op/JanTrack Mumbai/JanTrack Mumba
i/client/src/components/ui/toaste
r.tsx',
    'C:/Users/ACER/OneDrive/Deskt
op/JanTrack Mumbai/JanTrack Mumba
i/client/src/components/ui/toolti
p.tsx',
    'C:/Users/ACER/OneDrive/Deskt
op/JanTrack Mumbai/JanTrack Mumba
i/client/src/pages/not-found.tsx'
,
    'C:/Users/ACER/OneDrive/Deskt
op/JanTrack Mumbai/JanTrack Mumba
i/client/src/pages/candidate-prof
ile.tsx',
    'C:/Users/ACER/OneDrive/Deskt
op/JanTrack Mumbai/JanTrack Mumba
i/client/src/pages/report-issue.t
sx',
    'C:/Users/ACER/OneDrive/Deskt
op/JanTrack Mumbai/JanTrack Mumba
i/client/src/lib/queryClient.ts',
    'C:/Users/ACER/OneDrive/Deskt
op/JanTrack Mumbai/JanTrack Mumba
i/client/src/pages/candidates.tsx
',
    'C:/Users/ACER/OneDrive/Deskt
op/JanTrack Mumbai/JanTrack Mumba
i/client/src/pages/ward-map.tsx',
    'C:/Users/ACER/OneDrive/Deskt
op/JanTrack Mumbai/JanTrack Mumba
i/client/src/pages/auth.tsx',
    'C:/Users/ACER/OneDrive/Deskt
op/JanTrack Mumbai/JanTrack Mumba
i/client/src/pages/home.tsx',
    ... 1075 more items
  ]
}
